<title>Vdbench output/config.html</title><pre>
Output from script /home/om/Downloads/Assignment4/Assignment-4/vdbench/linux/config.sh: 

stderr: /home/om/Downloads/Assignment4/Assignment-4/vdbench/linux/config.sh: line 17: ifconfig: command not found
Wed Oct 30 12:06:08 AM IST 2024
>>>>>uname -a
Linux om-VirtualBox 6.8.0-41-generic #41-Ubuntu SMP PREEMPT_DYNAMIC Fri Aug  2 20:41:06 UTC 2024 x86_64 x86_64 x86_64 GNU/Linux
Wed Oct 30 12:06:08 AM IST 2024
>>>>>ifconfig -a
Wed Oct 30 12:06:08 AM IST 2024
>>>>>id
uid=0(root) gid=0(root) groups=0(root)
Wed Oct 30 12:06:08 AM IST 2024
>>>>>mount
sysfs on /sys type sysfs (rw,nosuid,nodev,noexec,relatime)
proc on /proc type proc (rw,nosuid,nodev,noexec,relatime)
udev on /dev type devtmpfs (rw,nosuid,relatime,size=2977356k,nr_inodes=744339,mode=755,inode64)
devpts on /dev/pts type devpts (rw,nosuid,noexec,relatime,gid=5,mode=620,ptmxmode=000)
tmpfs on /run type tmpfs (rw,nosuid,nodev,noexec,relatime,size=602668k,mode=755,inode64)
/dev/sda2 on / type ext4 (rw,relatime)
securityfs on /sys/kernel/security type securityfs (rw,nosuid,nodev,noexec,relatime)
tmpfs on /dev/shm type tmpfs (rw,nosuid,nodev,inode64)
tmpfs on /run/lock type tmpfs (rw,nosuid,nodev,noexec,relatime,size=5120k,inode64)
cgroup2 on /sys/fs/cgroup type cgroup2 (rw,nosuid,nodev,noexec,relatime,nsdelegate,memory_recursiveprot)
pstore on /sys/fs/pstore type pstore (rw,nosuid,nodev,noexec,relatime)
bpf on /sys/fs/bpf type bpf (rw,nosuid,nodev,noexec,relatime,mode=700)
systemd-1 on /proc/sys/fs/binfmt_misc type autofs (rw,relatime,fd=32,pgrp=1,timeout=0,minproto=5,maxproto=5,direct,pipe_ino=4071)
mqueue on /dev/mqueue type mqueue (rw,nosuid,nodev,noexec,relatime)
debugfs on /sys/kernel/debug type debugfs (rw,nosuid,nodev,noexec,relatime)
hugetlbfs on /dev/hugepages type hugetlbfs (rw,nosuid,nodev,relatime,pagesize=2M)
tracefs on /sys/kernel/tracing type tracefs (rw,nosuid,nodev,noexec,relatime)
configfs on /sys/kernel/config type configfs (rw,nosuid,nodev,noexec,relatime)
fusectl on /sys/fs/fuse/connections type fusectl (rw,nosuid,nodev,noexec,relatime)
tmpfs on /run/qemu type tmpfs (rw,nosuid,nodev,relatime,mode=755,inode64)
/var/lib/snapd/snaps/bare_5.snap on /snap/bare/5 type squashfs (ro,nodev,relatime,errors=continue,threads=single,x-gdu.hide,x-gvfs-hide)
/var/lib/snapd/snaps/core22_1586.snap on /snap/core22/1586 type squashfs (ro,nodev,relatime,errors=continue,threads=single,x-gdu.hide,x-gvfs-hide)
/var/lib/snapd/snaps/firmware-updater_127.snap on /snap/firmware-updater/127 type squashfs (ro,nodev,relatime,errors=continue,threads=single,x-gdu.hide,x-gvfs-hide)
/var/lib/snapd/snaps/firefox_4173.snap on /snap/firefox/4173 type squashfs (ro,nodev,relatime,errors=continue,threads=single,x-gdu.hide,x-gvfs-hide)
/var/lib/snapd/snaps/gnome-42-2204_176.snap on /snap/gnome-42-2204/176 type squashfs (ro,nodev,relatime,errors=continue,threads=single,x-gdu.hide,x-gvfs-hide)
/var/lib/snapd/snaps/gtk-common-themes_1535.snap on /snap/gtk-common-themes/1535 type squashfs (ro,nodev,relatime,errors=continue,threads=single,x-gdu.hide,x-gvfs-hide)
/var/lib/snapd/snaps/snap-store_1124.snap on /snap/snap-store/1124 type squashfs (ro,nodev,relatime,errors=continue,threads=single,x-gdu.hide,x-gvfs-hide)
/var/lib/snapd/snaps/snapd_21465.snap on /snap/snapd/21465 type squashfs (ro,nodev,relatime,errors=continue,threads=single,x-gdu.hide,x-gvfs-hide)
/var/lib/snapd/snaps/snapd_21759.snap on /snap/snapd/21759 type squashfs (ro,nodev,relatime,errors=continue,threads=single,x-gdu.hide,x-gvfs-hide)
/var/lib/snapd/snaps/snapd-desktop-integration_178.snap on /snap/snapd-desktop-integration/178 type squashfs (ro,nodev,relatime,errors=continue,threads=single,x-gdu.hide,x-gvfs-hide)
/var/lib/snapd/snaps/snap-store_1173.snap on /snap/snap-store/1173 type squashfs (ro,nodev,relatime,errors=continue,threads=single,x-gdu.hide,x-gvfs-hide)
/dev/sda2 on /var/snap/firefox/common/host-hunspell type ext4 (ro,noexec,noatime)
/var/lib/snapd/snaps/snapd-desktop-integration_157.snap on /snap/snapd-desktop-integration/157 type squashfs (ro,nodev,relatime,errors=continue,threads=single,x-gdu.hide,x-gvfs-hide)
binfmt_misc on /proc/sys/fs/binfmt_misc type binfmt_misc (rw,nosuid,nodev,noexec,relatime)
tmpfs on /run/snapd/ns type tmpfs (rw,nosuid,nodev,noexec,relatime,size=602668k,mode=755,inode64)
nsfs on /run/snapd/ns/snapd-desktop-integration.mnt type nsfs (rw)
tmpfs on /run/user/1000 type tmpfs (rw,nosuid,nodev,relatime,size=602668k,nr_inodes=150667,mode=700,uid=1000,gid=1000,inode64)
portal on /run/user/1000/doc type fuse.portal (rw,nosuid,nodev,relatime,user_id=1000,group_id=1000)
gvfsd-fuse on /run/user/1000/gvfs type fuse.gvfsd-fuse (rw,nosuid,nodev,relatime,user_id=1000,group_id=1000)
zfs_pool on /zfs_pool type zfs (rw,relatime,xattr,noacl,casesensitive)
nsfs on /run/snapd/ns/firefox.mnt type nsfs (rw)
/var/lib/snapd/snaps/core22_1663.snap on /snap/core22/1663 type squashfs (ro,nodev,relatime,errors=continue,threads=single,x-gdu.hide,x-gvfs-hide)
/var/lib/snapd/snaps/firmware-updater_147.snap on /snap/firmware-updater/147 type squashfs (ro,nodev,relatime,errors=continue,threads=single,x-gdu.hide,x-gvfs-hide)
nsfs on /run/snapd/ns/firmware-updater.mnt type nsfs (rw)
Wed Oct 30 12:06:08 AM IST 2024
>>>>>memory
MemTotal:        6026680 kB
MemFree:          376268 kB
MemAvailable:    2878248 kB
Buffers:           64076 kB
Cached:          2770264 kB
SwapCached:            0 kB
Active:          3186136 kB
Inactive:        1737720 kB
Active(anon):    2266896 kB
Inactive(anon):        0 kB
Active(file):     919240 kB
Inactive(file):  1737720 kB
Unevictable:          16 kB
Mlocked:              16 kB
SwapTotal:       4194300 kB
SwapFree:        4194300 kB
Zswap:                 0 kB
Zswapped:              0 kB
Dirty:               428 kB
Writeback:             0 kB
AnonPages:       2089632 kB
Mapped:           713528 kB
Shmem:            177380 kB
KReclaimable:     111016 kB
Slab:             263912 kB
SReclaimable:     111016 kB
SUnreclaim:       152896 kB
KernelStack:       16920 kB
PageTables:        36012 kB
SecPageTables:         0 kB
NFS_Unstable:          0 kB
Bounce:                0 kB
WritebackTmp:          0 kB
CommitLimit:     7207640 kB
Committed_AS:    8593848 kB
VmallocTotal:   34359738367 kB
VmallocUsed:       88524 kB
VmallocChunk:          0 kB
Percpu:             3440 kB
HardwareCorrupted:     0 kB
AnonHugePages:         0 kB
ShmemHugePages:        0 kB
ShmemPmdMapped:        0 kB
FileHugePages:         0 kB
FilePmdMapped:         0 kB
Unaccepted:            0 kB
HugePages_Total:       0
HugePages_Free:        0
HugePages_Rsvd:        0
HugePages_Surp:        0
Hugepagesize:       2048 kB
Hugetlb:               0 kB
DirectMap4k:      223168 kB
DirectMap2M:     6027264 kB
               total        used        free      shared  buff/cache   available
Mem:         6026680     3148432      376268      177380     2945356     2878248
Low:         6026680     5650412      376268
High:              0           0           0
Swap:        4194300           0     4194300
Wed Oct 30 12:06:08 AM IST 2024
>>>>>ps -ef | grep -i vdb
root        9129    6655  1 00:06 pts/1    00:00:00 sudo ./vdbench -f workload2 anchor=/zfs_pool
root        9130    9129  0 00:06 pts/2    00:00:00 sudo ./vdbench -f workload2 anchor=/zfs_pool
root        9131    9130  0 00:06 pts/2    00:00:00 /bin/bash ./vdbench -f workload2 anchor=/zfs_pool
root        9133    9131 77 00:06 pts/2    00:00:01 java -client -Xmx512m -Xms64m -cp ./:./classes:./vdbench.jar Vdb.Vdbmain -f workload2 anchor=/zfs_pool
root        9166    9133  1 00:06 pts/2    00:00:00 /bin/bash /home/om/Downloads/Assignment4/Assignment-4/vdbench/vdbench SlaveJvm -m localhost -n localhost-10-241030-00.06.07.526 -l localhost-0 -p 5570
root        9170    9166 80 00:06 pts/2    00:00:00 java -client -Xmx1024m -Xms128m -cp /home/om/Downloads/Assignment4/Assignment-4/vdbench/:/home/om/Downloads/Assignment4/Assignment-4/vdbench/classes:/home/om/Downloads/Assignment4/Assignment-4/vdbench/vdbench.jar Vdb.SlaveJvm SlaveJvm -m localhost -n localhost-10-241030-00.06.07.526 -l localhost-0 -p 5570
root        9208    9133  0 00:06 pts/2    00:00:00 /bin/bash /home/om/Downloads/Assignment4/Assignment-4/vdbench/linux/config.sh -o /home/om/Downloads/Assignment4/Assignment-4/vdbench/output localhost
root        9224    9208  0 00:06 pts/2    00:00:00 grep -i vdb

